<?xml version="1.0" encoding="utf-8"?><testsuites name="pytest tests"><testsuite name="pytest" errors="0" failures="2" skipped="0" tests="39" time="288.324" timestamp="2026-06-11T14:17:55.484583+07:00" hostname="TUANANH"><testcase classname="tests.search.test_search_functional" name="test_search_load_more_preserves_keyword" time="31.483" /><testcase classname="tests.search.test_search_functional" name="test_search_autocomplete_suggestion_click_navigates_to_results" time="31.470" /><testcase classname="tests.filter.test_filter_advanced" name="test_filter_all_products_match_brand" time="31.671" /><testcase classname="tests.filter.test_filter_advanced" name="test_filter_combination_no_results" time="31.470" /><testcase classname="tests.search.test_search_functional" name="test_search_deeplink_query_loads_correct_results" time="20.905" /><testcase classname="tests.filter.test_filter_advanced" name="test_unfilter_restores_list" time="40.334" /><testcase classname="tests.filter.test_filter_advanced" name="test_filter_multiple_conditions_then_remove_one_updates_results" time="75.471" /><testcase classname="tests.search.test_search_functional" name="test_search_enter_vs_click_icon_same_result" time="23.070" /><testcase classname="tests.search.test_search_regression" name="test_search_change_keyword_updates_results" time="18.387" /><testcase classname="tests.search.test_search_regression" name="test_search_very_long_query" time="11.199"><failure message="Failed: SETUP: Ctrl+V lan dau lam input rong. Day la dau hieu clipboard automation/selection bi loi trong moi truong Selenium, khong du co so ket luan website bi freeze. Seed ban dau: 1,000,000. Mong doi sau paste dau: 2,000,000.">SETUP: Ctrl+V lan dau lam input rong. Day la dau hieu clipboard automation/selection bi loi trong moi truong Selenium, khong du co so ket luan website bi freeze. Seed ban dau: 1,000,000. Mong doi sau paste dau: 2,000,000.</failure></testcase><testcase classname="tests.search.test_search_regression" name="test_search_results_are_scoped_to_main_results_container" time="41.001" /><testcase classname="tests.search.test_search_regression" name="test_search_then_sort_price_keeps_relevant_sorted_results" time="36.023" /><testcase classname="tests.search.test_search_security" name="test_search_xss_payload_is_sanitized[&lt;script&gt;alert(1)&lt;/script&gt;]" time="34.771" /><testcase classname="tests.search.test_search_security" name="test_search_xss_payload_is_sanitized[&quot;&lt;img src=x onerror=alert(1)&gt;]" time="27.229" /><testcase classname="tests.search.test_search_security" name="test_search_sql_payload_is_handled_safely[' OR '1'='1]" time="28.938" /><testcase classname="tests.search.test_search_regression" name="test_search_vietnamese_accent_and_no_accent" time="26.454"><failure message="Exception: No visible element found for selectors: [&quot;input[aria-label='Search']&quot;, &quot;input[placeholder*='Tìm']&quot;, &quot;input[type='search']&quot;, &quot;input[name*='search']&quot;]">driver = &lt;selenium.webdriver.chrome.webdriver.WebDriver (session="568d6f3aa8768983b454f7a8e11ec967")&gt;
test_config = {'base_url': 'https://phongvu.vn', 'pages': {'laptop': 'https://phongvu.vn/c/laptop', 'monitor': 'https://phongvu.vn/c...': 'Logitech', 'search_variants': ['logitech', 'Logitech', '  Logitech  ', 'Logitech!@#', 'nonexistentsku12345'], ...}}

    def test_search_vietnamese_accent_and_no_accent(driver, test_config):
        """XĂ¡c thá»±c viá»‡c tĂ¬m kiáº¿m tiáº¿ng Viá»‡t cĂ³ dáº¥u vĂ  khĂ´ng dáº¥u Ä‘á»u tráº£ vá» káº¿t quáº£ liĂªn quan."""
        driver.get(test_config["base_url"])
&gt;       search_with_keyword(driver, test_config, "\u0111i\u1ec7n tho\u1ea1i")

tests\search\test_search_regression.py:83: 
_ _ _ _ _ _ _ _ _ _ _ _ _ _ _ _ _ _ _ _ _ _ _ _ _ _ _ _ _ _ _ _ _ _ _ _ _ _ _ _
pages\catalog_page.py:399: in search_with_keyword
    search_input = find_search_input(driver, config, timeout=timeout)
                   ^^^^^^^^^^^^^^^^^^^^^^^^^^^^^^^^^^^^^^^^^^^^^^^^^^
pages\catalog_page.py:386: in find_search_input
    return first_visible(driver, config["selectors"]["search_input"], timeout=timeout)
           ^^^^^^^^^^^^^^^^^^^^^^^^^^^^^^^^^^^^^^^^^^^^^^^^^^^^^^^^^^^^^^^^^^^^^^^^^^^
_ _ _ _ _ _ _ _ _ _ _ _ _ _ _ _ _ _ _ _ _ _ _ _ _ _ _ _ _ _ _ _ _ _ _ _ _ _ _ _

driver = &lt;selenium.webdriver.chrome.webdriver.WebDriver (session="568d6f3aa8768983b454f7a8e11ec967")&gt;
selectors = ["input[aria-label='Search']", "input[placeholder*='Tìm']", "input[type='search']", "input[name*='search']"]
timeout = 10

    def first_visible(driver, selectors, timeout=3):
        """Return the first displayed element matching any CSS selector."""
        start_time = time.time()
        last_exc = None
        while time.time() - start_time &lt; timeout:
            for selector in selectors:
                try:
                    elements = driver.find_elements(By.CSS_SELECTOR, selector)
                    for element in elements:
                        if element.is_displayed():
                            logger.debug("Found visible element with selector: %s", selector)
                            return element
                except Exception as exc:
                    last_exc = exc
            time.sleep(0.2)
    
        logger.warning("No visible element found for selectors: %s", selectors)
        if last_exc:
            raise last_exc
&gt;       raise Exception(f"No visible element found for selectors: {selectors}")
E       Exception: No visible element found for selectors: ["input[aria-label='Search']", "input[placeholder*='Tìm']", "input[type='search']", "input[name*='search']"]

pages\base_page.py:42: Exception</failure></testcase><testcase classname="tests.search.test_search_security" name="test_search_sql_payload_is_handled_safely[&quot; OR &quot;1&quot;=&quot;1]" time="26.960" /><testcase classname="tests.search.test_search_regression" name="test_search_empty_query" time="25.737" /><testcase classname="tests.search.test_search_security" name="test_search_sql_payload_is_handled_safely[' UNION SELECT username,password FROM users --]" time="33.335" /><testcase classname="tests.search.test_search_security" name="test_search_sql_payload_is_handled_safely[' UNION SELECT NULL --]" time="23.901" /><testcase classname="tests.search.test_search_security" name="test_search_sql_payload_is_handled_safely[') UNION SELECT NULL,NULL --]" time="26.006" /><testcase classname="tests.search.test_search_variants" name="test_search_variants_returns_relevant_results[Logitech]" time="19.127" /><testcase classname="tests.search.test_search_security" name="test_search_sql_payload_is_handled_safely['; DROP TABLE products; --]" time="18.968" /><testcase classname="tests.search.test_search_security" name="test_search_sql_payload_is_handled_safely[admin' --]" time="18.639" /><testcase classname="tests.search.test_search_variants" name="test_search_variants_returns_relevant_results[logitech]" time="19.660" /><testcase classname="tests.search.test_search_variants" name="test_search_variants_returns_relevant_results[Logitech!@#]" time="20.106" /><testcase classname="tests.search.test_search_variants" name="test_search_variants_returns_relevant_results[  Logitech  ]" time="19.682" /><testcase classname="tests.search.test_search_variants" name="test_search_typo_tolerance_returns_relevant_results[Logitec]" time="18.840" /><testcase classname="tests.search.test_search_variants" name="test_search_typo_tolerance_returns_relevant_results[Logit ech]" time="25.605" /><testcase classname="tests.search.test_search_variants" name="test_search_typo_tolerance_returns_relevant_results[Logit3ch]" time="14.831" /><testcase classname="tests.search.test_search_variants" name="test_search_typo_tolerance_returns_relevant_results[Logtech]" time="14.014" /><testcase classname="tests.search.test_search_variants" name="test_search_typo_tolerance_returns_relevant_results[Logitechk]" time="14.057" /><testcase classname="tests.sort.test_sort_verification" name="test_sort_changes_order_for_non_price_options" time="34.185" /><testcase classname="tests.sort.test_sort_verification" name="test_sort_switching_between_sort_types_keeps_results_visible" time="32.905" /><testcase classname="tests.sort.test_sort_verification" name="test_sort_price_orders" time="32.933" /><testcase classname="tests.search.test_search_variants" name="test_search_not_found_shows_no_results" time="32.604" /><testcase classname="tests.test_regression_filter_sort_search" name="test_preserve_sort_state_on_reload_and_navigation" time="38.189" /><testcase classname="tests.test_black_box_extended" name="test_filter_then_sort_price_keeps_filtered_sorted_results" time="40.932" /><testcase classname="tests.test_black_box_extended" name="test_filter_state_persists_after_reload" time="36.936" /></testsuite></testsuites>